// Jest Snapshot v1, https://goo.gl/fbAQLP

exports[`PromptForm component Tests Snapshot Tests 1`] = `
<DocumentFragment>
  <h1>
    Fun with AI
  </h1>
  <p>
    Enter prompt
  </p>
  <form
    class="d-flex flex-column"
    data-testid="prompt-form"
    style="max-width: 80%;"
  >
    <textarea
      rows="10"
    />
    <button
      class="btn btn-primary"
      style="margin: 0px 0px 0px auto; max-width: 80px; background-color: rgb(0, 67, 200);"
    >
      Submit
    </button>
  </form>
  <h2>
    Responses
  </h2>
  <p>
    Submit a prompt to get a response from the Open AI API!
  </p>
</DocumentFragment>
`;
