// Jest Snapshot v1, https://goo.gl/fbAQLP

exports[`Response component tests Snapshot Tests 1`] = `
<DocumentFragment>
  <li
    class="bg-light text-dark"
    style="font-weight: bold;"
  >
    <div
      class="container"
    >
      <div
        class="row"
      >
        <div
          class="col-3 text-dark"
        >
          Prompt:
        </div>
        <div
          class="col text-dark"
          data-testid="prompt"
        />
      </div>
      <div
        class="row"
      >
        <div
          class="col-3 text-dark"
        >
          Response:
        </div>
        <div
          class="col text-dark"
          data-testid="response"
        />
      </div>
    </div>
  </li>
</DocumentFragment>
`;
