// Jest Snapshot v1, https://goo.gl/fbAQLP

exports[`Response component tests Snapshot Tests 1`] = `
<DocumentFragment>
  <li>
    <div
      class="container"
    >
      <div
        class="row"
      >
        <div
          class="col"
        >
          Prompt:
        </div>
        <div
          class="col"
          data-testid="prompt"
        />
      </div>
      <div
        class="row"
      >
        <div
          class="col"
        >
          Response
        </div>
        <div
          class="col"
          data-testid="response"
        />
      </div>
    </div>
  </li>
</DocumentFragment>
`;
