// Jest Snapshot v1, https://goo.gl/fbAQLP

exports[`PromptForm component Tests Snapshot Tests 1`] = `
<DocumentFragment>
  <h1>
    Fun with AI
  </h1>
  <p>
    Enter prompt
  </p>
  <form
    class="d-flex flex-column"
    data-testid="prompt-form"
    style="max-width: 100%;"
  >
    <label
      for="engine"
    >
      Select an AI Engine 
    </label>
    <select
      name="engine"
    >
      <option
        value="text-davinci-002"
      >
        text-davinci-002
      </option>
      <option
        value="text-curie-001"
      >
        text-curie-001
      </option>
      <option
        value="text-babbage-001"
      >
        text-babbage-001
      </option>
      <option
        value="text-ada-001"
      >
        text-ada-001
      </option>
    </select>
    <textarea
      name="textarea"
      rows="10"
    />
    <button
      class="btn btn-primary"
      style="margin: 0px 0px 0px auto; max-width: 80px; background-color: rgb(0, 67, 200);"
    >
      Submit
    </button>
  </form>
  <h2>
    Responses
  </h2>
  <p>
    Submit a prompt to get a response from the Open AI API!
  </p>
</DocumentFragment>
`;
